Archive member included to satisfy reference by file (symbol)

/Applications/Ac6/SystemWorkbench.app/Contents/Eclipse/plugins/fr.ac6.mcu.externaltools.arm-none.macos64_1.16.0.201807130628/tools/compiler/bin/../lib/gcc/arm-none-eabi/7.2.1/../../../../arm-none-eabi/lib/thumb/v7-m/libm.a(lib_a-s_round.o)
                              Src/sx1272-Fsk.o (round)
/Applications/Ac6/SystemWorkbench.app/Contents/Eclipse/plugins/fr.ac6.mcu.externaltools.arm-none.macos64_1.16.0.201807130628/tools/compiler/bin/../lib/gcc/arm-none-eabi/7.2.1/../../../../arm-none-eabi/lib/thumb/v7-m/libm.a(lib_a-w_pow.o)
                              Src/sx1272-FskMisc.o (pow)
/Applications/Ac6/SystemWorkbench.app/Contents/Eclipse/plugins/fr.ac6.mcu.externaltools.arm-none.macos64_1.16.0.201807130628/tools/compiler/bin/../lib/gcc/arm-none-eabi/7.2.1/../../../../arm-none-eabi/lib/thumb/v7-m/libm.a(lib_a-e_pow.o)
                              /Applications/Ac6/SystemWorkbench.app/Contents/Eclipse/plugins/fr.ac6.mcu.externaltools.arm-none.macos64_1.16.0.201807130628/tools/compiler/bin/../lib/gcc/arm-none-eabi/7.2.1/../../../../arm-none-eabi/lib/thumb/v7-m/libm.a(lib_a-w_pow.o) (__ieee754_pow)
/Applications/Ac6/SystemWorkbench.app/Contents/Eclipse/plugins/fr.ac6.mcu.externaltools.arm-none.macos64_1.16.0.201807130628/tools/compiler/bin/../lib/gcc/arm-none-eabi/7.2.1/../../../../arm-none-eabi/lib/thumb/v7-m/libm.a(lib_a-e_sqrt.o)
                              /Applications/Ac6/SystemWorkbench.app/Contents/Eclipse/plugins/fr.ac6.mcu.externaltools.arm-none.macos64_1.16.0.201807130628/tools/compiler/bin/../lib/gcc/arm-none-eabi/7.2.1/../../../../arm-none-eabi/lib/thumb/v7-m/libm.a(lib_a-e_pow.o) (__ieee754_sqrt)
/Applications/Ac6/SystemWorkbench.app/Contents/Eclipse/plugins/fr.ac6.mcu.externaltools.arm-none.macos64_1.16.0.201807130628/tools/compiler/bin/../lib/gcc/arm-none-eabi/7.2.1/../../../../arm-none-eabi/lib/thumb/v7-m/libm.a(lib_a-s_fabs.o)
                              /Applications/Ac6/SystemWorkbench.app/Contents/Eclipse/plugins/fr.ac6.mcu.externaltools.arm-none.macos64_1.16.0.201807130628/tools/compiler/bin/../lib/gcc/arm-none-eabi/7.2.1/../../../../arm-none-eabi/lib/thumb/v7-m/libm.a(lib_a-e_pow.o) (fabs)
/Applications/Ac6/SystemWorkbench.app/Contents/Eclipse/plugins/fr.ac6.mcu.externaltools.arm-none.macos64_1.16.0.201807130628/tools/compiler/bin/../lib/gcc/arm-none-eabi/7.2.1/../../../../arm-none-eabi/lib/thumb/v7-m/libm.a(lib_a-s_finite.o)
                              /Applications/Ac6/SystemWorkbench.app/Contents/Eclipse/plugins/fr.ac6.mcu.externaltools.arm-none.macos64_1.16.0.201807130628/tools/compiler/bin/../lib/gcc/arm-none-eabi/7.2.1/../../../../arm-none-eabi/lib/thumb/v7-m/libm.a(lib_a-w_pow.o) (finite)
/Applications/Ac6/SystemWorkbench.app/Contents/Eclipse/plugins/fr.ac6.mcu.externaltools.arm-none.macos64_1.16.0.201807130628/tools/compiler/bin/../lib/gcc/arm-none-eabi/7.2.1/../../../../arm-none-eabi/lib/thumb/v7-m/libm.a(lib_a-s_lib_ver.o)
                              /Applications/Ac6/SystemWorkbench.app/Contents/Eclipse/plugins/fr.ac6.mcu.externaltools.arm-none.macos64_1.16.0.201807130628/tools/compiler/bin/../lib/gcc/arm-none-eabi/7.2.1/../../../../arm-none-eabi/lib/thumb/v7-m/libm.a(lib_a-w_pow.o) (__fdlib_version)
/Applications/Ac6/SystemWorkbench.app/Contents/Eclipse/plugins/fr.ac6.mcu.externaltools.arm-none.macos64_1.16.0.201807130628/tools/compiler/bin/../lib/gcc/arm-none-eabi/7.2.1/../../../../arm-none-eabi/lib/thumb/v7-m/libm.a(lib_a-s_matherr.o)
                              /Applications/Ac6/SystemWorkbench.app/Contents/Eclipse/plugins/fr.ac6.mcu.externaltools.arm-none.macos64_1.16.0.201807130628/tools/compiler/bin/../lib/gcc/arm-none-eabi/7.2.1/../../../../arm-none-eabi/lib/thumb/v7-m/libm.a(lib_a-w_pow.o) (matherr)
/Applications/Ac6/SystemWorkbench.app/Contents/Eclipse/plugins/fr.ac6.mcu.externaltools.arm-none.macos64_1.16.0.201807130628/tools/compiler/bin/../lib/gcc/arm-none-eabi/7.2.1/../../../../arm-none-eabi/lib/thumb/v7-m/libm.a(lib_a-s_nan.o)
                              /Applications/Ac6/SystemWorkbench.app/Contents/Eclipse/plugins/fr.ac6.mcu.externaltools.arm-none.macos64_1.16.0.201807130628/tools/compiler/bin/../lib/gcc/arm-none-eabi/7.2.1/../../../../arm-none-eabi/lib/thumb/v7-m/libm.a(lib_a-e_pow.o) (nan)
/Applications/Ac6/SystemWorkbench.app/Contents/Eclipse/plugins/fr.ac6.mcu.externaltools.arm-none.macos64_1.16.0.201807130628/tools/compiler/bin/../lib/gcc/arm-none-eabi/7.2.1/../../../../arm-none-eabi/lib/thumb/v7-m/libm.a(lib_a-s_rint.o)
                              /Applications/Ac6/SystemWorkbench.app/Contents/Eclipse/plugins/fr.ac6.mcu.externaltools.arm-none.macos64_1.16.0.201807130628/tools/compiler/bin/../lib/gcc/arm-none-eabi/7.2.1/../../../../arm-none-eabi/lib/thumb/v7-m/libm.a(lib_a-w_pow.o) (rint)
[...]
Memory Configuration

Name             Origin             Length             Attributes
RAM              0x0000000020000000 0x0000000000014000 xrw
FLASH            0x0000000008000000 0x0000000000080000 xr
*default*        0x0000000000000000 0xffffffffffffffff

Linker script and memory map

LOAD /Applications/Ac6/SystemWorkbench.app/Contents/Eclipse/plugins/fr.ac6.mcu.externaltools.arm-none.macos64_1.16.0.201807130628/tools/compiler/bin/../lib/gcc/arm-none-eabi/7.2.1/thumb/v7-m/crti.o
LOAD /Applications/Ac6/SystemWorkbench.app/Contents/Eclipse/plugins/fr.ac6.mcu.externaltools.arm-none.macos64_1.16.0.201807130628/tools/compiler/bin/../lib/gcc/arm-none-eabi/7.2.1/thumb/v7-m/crtbegin.o
LOAD /Applications/Ac6/SystemWorkbench.app/Contents/Eclipse/plugins/fr.ac6.mcu.externaltools.arm-none.macos64_1.16.0.201807130628/tools/compiler/bin/../lib/gcc/arm-none-eabi/7.2.1/../../../../arm-none-eabi/lib/thumb/v7-m/crt0.o
LOAD Drivers/STM32L1xx_HAL_Driver/Src/stm32l1xx_hal.o
LOAD Drivers/STM32L1xx_HAL_Driver/Src/stm32l1xx_hal_cortex.o
LOAD Drivers/STM32L1xx_HAL_Driver/Src/stm32l1xx_hal_dma.o
LOAD Drivers/STM32L1xx_HAL_Driver/Src/stm32l1xx_hal_flash.o
LOAD Drivers/STM32L1xx_HAL_Driver/Src/stm32l1xx_hal_flash_ex.o
LOAD Drivers/STM32L1xx_HAL_Driver/Src/stm32l1xx_hal_flash_ramfunc.o
LOAD Drivers/STM32L1xx_HAL_Driver/Src/stm32l1xx_hal_gpio.o
LOAD Drivers/STM32L1xx_HAL_Driver/Src/stm32l1xx_hal_pwr.o
LOAD Drivers/STM32L1xx_HAL_Driver/Src/stm32l1xx_hal_pwr_ex.o
LOAD Drivers/STM32L1xx_HAL_Driver/Src/stm32l1xx_hal_rcc.o
LOAD Drivers/STM32L1xx_HAL_Driver/Src/stm32l1xx_hal_rcc_ex.o
LOAD Drivers/STM32L1xx_HAL_Driver/Src/stm32l1xx_hal_spi.o
LOAD Drivers/STM32L1xx_HAL_Driver/Src/stm32l1xx_hal_tim.o
LOAD Drivers/STM32L1xx_HAL_Driver/Src/stm32l1xx_hal_tim_ex.o
LOAD Drivers/STM32L1xx_HAL_Driver/Src/stm32l1xx_hal_uart.o
LOAD Src/main.o
LOAD Src/radio.o
LOAD Src/stm32l1xx_hal_msp.o
LOAD Src/stm32l1xx_it.o
LOAD Src/sx1272-Fsk.o
LOAD Src/sx1272-FskMisc.o
LOAD Src/sx1272-Hal.o
LOAD Src/sx1272-LoRa.o
LOAD Src/sx1272-LoRaMisc.o
LOAD Src/sx1272.o
LOAD Src/syscalls.o
LOAD Src/system_stm32l1xx.o
LOAD startup/startup_stm32l152xe.o
LOAD /Applications/Ac6/SystemWorkbench.app/Contents/Eclipse/plugins/fr.ac6.mcu.externaltools.arm-none.macos64_1.16.0.201807130628/tools/compiler/bin/../lib/gcc/arm-none-eabi/7.2.1/../../../../arm-none-eabi/lib/thumb/v7-m/libm.a
START GROUP
LOAD /Applications/Ac6/SystemWorkbench.app/Contents/Eclipse/plugins/fr.ac6.mcu.externaltools.arm-none.macos64_1.16.0.201807130628/tools/compiler/bin/../lib/gcc/arm-none-eabi/7.2.1/thumb/v7-m/libgcc.a
LOAD /Applications/Ac6/SystemWorkbench.app/Contents/Eclipse/plugins/fr.ac6.mcu.externaltools.arm-none.macos64_1.16.0.201807130628/tools/compiler/bin/../lib/gcc/arm-none-eabi/7.2.1/../../../../arm-none-eabi/lib/thumb/v7-m/libc_nano.a
END GROUP
START GROUP
LOAD /Applications/Ac6/SystemWorkbench.app/Contents/Eclipse/plugins/fr.ac6.mcu.externaltools.arm-none.macos64_1.16.0.201807130628/tools/compiler/bin/../lib/gcc/arm-none-eabi/7.2.1/thumb/v7-m/libgcc.a
LOAD /Applications/Ac6/SystemWorkbench.app/Contents/Eclipse/plugins/fr.ac6.mcu.externaltools.arm-none.macos64_1.16.0.201807130628/tools/compiler/bin/../lib/gcc/arm-none-eabi/7.2.1/../../../../arm-none-eabi/lib/thumb/v7-m/libc_nano.a
LOAD /Applications/Ac6/SystemWorkbench.app/Contents/Eclipse/plugins/fr.ac6.mcu.externaltools.arm-none.macos64_1.16.0.201807130628/tools/compiler/bin/../lib/gcc/arm-none-eabi/7.2.1/../../../../arm-none-eabi/lib/thumb/v7-m/libnosys.a
END GROUP
START GROUP
LOAD /Applications/Ac6/SystemWorkbench.app/Contents/Eclipse/plugins/fr.ac6.mcu.externaltools.arm-none.macos64_1.16.0.201807130628/tools/compiler/bin/../lib/gcc/arm-none-eabi/7.2.1/thumb/v7-m/libgcc.a
LOAD /Applications/Ac6/SystemWorkbench.app/Contents/Eclipse/plugins/fr.ac6.mcu.externaltools.arm-none.macos64_1.16.0.201807130628/tools/compiler/bin/../lib/gcc/arm-none-eabi/7.2.1/../../../../arm-none-eabi/lib/thumb/v7-m/libc_nano.a
LOAD /Applications/Ac6/SystemWorkbench.app/Contents/Eclipse/plugins/fr.ac6.mcu.externaltools.arm-none.macos64_1.16.0.201807130628/tools/compiler/bin/../lib/gcc/arm-none-eabi/7.2.1/../../../../arm-none-eabi/lib/thumb/v7-m/libnosys.a
END GROUP
LOAD /Applications/Ac6/SystemWorkbench.app/Contents/Eclipse/plugins/fr.ac6.mcu.externaltools.arm-none.macos64_1.16.0.201807130628/tools/compiler/bin/../lib/gcc/arm-none-eabi/7.2.1/thumb/v7-m/crtend.o
LOAD /Applications/Ac6/SystemWorkbench.app/Contents/Eclipse/plugins/fr.ac6.mcu.externaltools.arm-none.macos64_1.16.0.201807130628/tools/compiler/bin/../lib/gcc/arm-none-eabi/7.2.1/thumb/v7-m/crtn.o
                0x0000000020014000                _estack = 0x20014000
                0x0000000000000200                _Min_Heap_Size = 0x200
                0x0000000000000400                _Min_Stack_Size = 0x400

.isr_vector     0x0000000008000000      0x13c
                0x0000000008000000                . = ALIGN (0x4)
 *(.isr_vector)
 .isr_vector    0x0000000008000000      0x13c startup/startup_stm32l152xe.o
                0x0000000008000000                g_pfnVectors
                0x000000000800013c                . = ALIGN (0x4)

.text           0x0000000008000140     0x3424
                0x0000000008000140                . = ALIGN (0x4)
 *(.text)
 .text          0x0000000008000140       0x40 /Applications/Ac6/SystemWorkbench.app/Contents/Eclipse/plugins/fr.ac6.mcu.externaltools.arm-none.macos64_1.16.0.201807130628/tools/compiler/bin/../lib/gcc/arm-none-eabi/7.2.1/thumb/v7-m/crtbegin.o
 .text          0x0000000008000180      0x378 /Applications/Ac6/SystemWorkbench.app/Contents/Eclipse/plugins/fr.ac6.mcu.externaltools.arm-none.macos64_1.16.0.201807130628/tools/compiler/bin/../lib/gcc/arm-none-eabi/7.2.1/thumb/v7-m/libgcc.a(_arm_addsubdf3.o)
                0x0000000008000180                __aeabi_drsub
                0x0000000008000188                __subdf3
                0x0000000008000188                __aeabi_dsub
                0x000000000800018c                __aeabi_dadd
                0x000000000800018c                __adddf3
                0x0000000008000404                __aeabi_ui2d
                0x0000000008000404                __floatunsidf
                0x0000000008000424                __floatsidf
                0x0000000008000424                __aeabi_i2d
                0x0000000008000448                __extendsfdf2
                0x0000000008000448                __aeabi_f2d
                0x000000000800048c                __aeabi_ul2d
                0x000000000800048c                __floatundidf
                0x000000000800049c                __aeabi_l2d
                0x000000000800049c                __floatdidf
 .text          0x00000000080004f8      0x424 /Applications/Ac6/SystemWorkbench.app/Contents/Eclipse/plugins/fr.ac6.mcu.externaltools.arm-none.macos64_1.16.0.201807130628/tools/compiler/bin/../lib/gcc/arm-none-eabi/7.2.1/thumb/v7-m/libgcc.a(_arm_muldivdf3.o)
                0x00000000080004f8                __aeabi_dmul
                0x00000000080004f8                __muldf3
                0x000000000800074c                __aeabi_ddiv
                0x000000000800074c                __divdf3
 .text          0x000000000800091c       0x40 /Applications/Ac6/SystemWorkbench.app/Contents/Eclipse/plugins/fr.ac6.mcu.externaltools.arm-none.macos64_1.16.0.201807130628/tools/compiler/bin/../lib/gcc/arm-none-eabi/7.2.1/thumb/v7-m/libgcc.a(_arm_fixunsdfsi.o)
                0x000000000800091c                __fixunsdfsi
                0x000000000800091c                __aeabi_d2uiz
 *(.text*)
 .text.HAL_Init
                0x000000000800095c       0x30 Drivers/STM32L1xx_HAL_Driver/Src/stm32l1xx_hal.o
                0x000000000800095c                HAL_Init
 .text.HAL_InitTick
                0x000000000800098c       0x74 Drivers/STM32L1xx_HAL_Driver/Src/stm32l1xx_hal.o
                0x000000000800098c                HAL_InitTick
 .text.HAL_IncTick
                0x0000000008000a00       0x24 Drivers/STM32L1xx_HAL_Driver/Src/stm32l1xx_hal.o
                0x0000000008000a00                HAL_IncTick
 .text.HAL_GetTick
                0x0000000008000a24       0x14 Drivers/STM32L1xx_HAL_Driver/Src/stm32l1xx_hal.o
                0x0000000008000a24                HAL_GetTick
 .text.__NVIC_SetPriorityGrouping
                0x0000000008000a38       0x48 Drivers/STM32L1xx_HAL_Driver/Src/stm32l1xx_hal_cortex.o
 .text.__NVIC_GetPriorityGrouping
                0x0000000008000a80       0x1c Drivers/STM32L1xx_HAL_Driver/Src/stm32l1xx_hal_cortex.o
 .text.__NVIC_SetPriority
                0x0000000008000a9c       0x54 Drivers/STM32L1xx_HAL_Driver/Src/stm32l1xx_hal_cortex.o
 .text.NVIC_EncodePriority
                0x0000000008000af0       0x64 Drivers/STM32L1xx_HAL_Driver/Src/stm32l1xx_hal_cortex.o
 .text.SysTick_Config
                0x0000000008000b54       0x44 Drivers/STM32L1xx_HAL_Driver/Src/stm32l1xx_hal_cortex.o
 .text.HAL_NVIC_SetPriorityGrouping
                0x0000000008000b98       0x16 Drivers/STM32L1xx_HAL_Driver/Src/stm32l1xx_hal_cortex.o
                0x0000000008000b98                HAL_NVIC_SetPriorityGrouping
 .text.HAL_NVIC_SetPriority
                0x0000000008000bae       0x38 Drivers/STM32L1xx_HAL_Driver/Src/stm32l1xx_hal_cortex.o
                0x0000000008000bae                HAL_NVIC_SetPriority
 .text.HAL_SYSTICK_Config
                0x0000000008000be6       0x18 Drivers/STM32L1xx_HAL_Driver/Src/stm32l1xx_hal_cortex.o
                0x0000000008000be6                HAL_SYSTICK_Config
 *fill*         0x0000000008000bfe        0x2 
 .text.HAL_GPIO_Init
                0x0000000008000c00      0x31c Drivers/STM32L1xx_HAL_Driver/Src/stm32l1xx_hal_gpio.o
                0x0000000008000c00                HAL_GPIO_Init
 .text.HAL_GPIO_WritePin
                0x0000000008000f1c       0x30 Drivers/STM32L1xx_HAL_Driver/Src/stm32l1xx_hal_gpio.o
                0x0000000008000f1c                HAL_GPIO_WritePin
 .text.HAL_RCC_OscConfig
                0x0000000008000f4c      0x660 Drivers/STM32L1xx_HAL_Driver/Src/stm32l1xx_hal_rcc.o
                0x0000000008000f4c                HAL_RCC_OscConfig
 .text.HAL_RCC_ClockConfig
                0x00000000080015ac      0x268 Drivers/STM32L1xx_HAL_Driver/Src/stm32l1xx_hal_rcc.o
                0x00000000080015ac                HAL_RCC_ClockConfig
 .text.HAL_RCC_GetSysClockFreq
                0x0000000008001814       0xb0 Drivers/STM32L1xx_HAL_Driver/Src/stm32l1xx_hal_rcc.o
                0x0000000008001814                HAL_RCC_GetSysClockFreq
 .text.HAL_RCC_GetHCLKFreq
                0x00000000080018c4       0x14 Drivers/STM32L1xx_HAL_Driver/Src/stm32l1xx_hal_rcc.o
                0x00000000080018c4                HAL_RCC_GetHCLKFreq
 .text.HAL_RCC_GetPCLK1Freq
                0x00000000080018d8       0x28 Drivers/STM32L1xx_HAL_Driver/Src/stm32l1xx_hal_rcc.o
                0x00000000080018d8                HAL_RCC_GetPCLK1Freq
 .text.HAL_RCC_GetPCLK2Freq
                0x0000000008001900       0x28 Drivers/STM32L1xx_HAL_Driver/Src/stm32l1xx_hal_rcc.o
                0x0000000008001900                HAL_RCC_GetPCLK2Freq
 .text.RCC_SetFlashLatencyFromMSIRange
                0x0000000008001928       0xc0 Drivers/STM32L1xx_HAL_Driver/Src/stm32l1xx_hal_rcc.o
 .text.HAL_SPI_Init
                0x00000000080019e8       0xc8 Drivers/STM32L1xx_HAL_Driver/Src/stm32l1xx_hal_spi.o
                0x00000000080019e8                HAL_SPI_Init
 .text.HAL_SPI_Transmit
                0x0000000008001ab0      0x268 Drivers/STM32L1xx_HAL_Driver/Src/stm32l1xx_hal_spi.o
                0x0000000008001ab0                HAL_SPI_Transmit
 .text.HAL_SPI_Receive
                0x0000000008001d18      0x212 Drivers/STM32L1xx_HAL_Driver/Src/stm32l1xx_hal_spi.o
                0x0000000008001d18                HAL_SPI_Receive
 .text.HAL_SPI_TransmitReceive
                0x0000000008001f2a      0x344 Drivers/STM32L1xx_HAL_Driver/Src/stm32l1xx_hal_spi.o
                0x0000000008001f2a                HAL_SPI_TransmitReceive
 .text.SPI_WaitFlagStateUntilTimeout
                0x000000000800226e       0xd4 Drivers/STM32L1xx_HAL_Driver/Src/stm32l1xx_hal_spi.o
 .text.SPI_EndRxTransaction
                0x0000000008002342       0xca Drivers/STM32L1xx_HAL_Driver/Src/stm32l1xx_hal_spi.o
 .text.SPI_EndRxTxTransaction
                0x000000000800240c       0x78 Drivers/STM32L1xx_HAL_Driver/Src/stm32l1xx_hal_spi.o
 .text.HAL_UART_Init
                0x0000000008002484       0x9a Drivers/STM32L1xx_HAL_Driver/Src/stm32l1xx_hal_uart.o
                0x0000000008002484                HAL_UART_Init
 *fill*         0x000000000800251e        0x2 
 .text.UART_SetConfig
                0x0000000008002520      0x310 Drivers/STM32L1xx_HAL_Driver/Src/stm32l1xx_hal_uart.o
 .text.main     0x0000000008002830       0x1e Src/main.o
                0x0000000008002830                main
 *fill*         0x000000000800284e        0x2 
 .text.SystemClock_Config
                0x0000000008002850       0x9c Src/main.o
                0x0000000008002850                SystemClock_Config
 .text.MX_SPI1_Init
                0x00000000080028ec       0x6c Src/main.o
 .text.MX_USART2_UART_Init
                0x0000000008002958       0x54 Src/main.o
 .text.MX_GPIO_Init
                0x00000000080029ac      0x110 Src/main.o
 .text.Error_Handler
                0x0000000008002abc        0xc Src/main.o
                0x0000000008002abc                Error_Handler
 .text.HAL_MspInit
                0x0000000008002ac8       0x5c Src/stm32l1xx_hal_msp.o
                0x0000000008002ac8                HAL_MspInit
 .text.HAL_SPI_MspInit
                0x0000000008002b24       0x88 Src/stm32l1xx_hal_msp.o
                0x0000000008002b24                HAL_SPI_MspInit
 .text.HAL_UART_MspInit
                0x0000000008002bac       0x88 Src/stm32l1xx_hal_msp.o
                0x0000000008002bac                HAL_UART_MspInit
 .text.NMI_Handler
                0x0000000008002c34        0xc Src/stm32l1xx_it.o
                0x0000000008002c34                NMI_Handler
 .text.HardFault_Handler
                0x0000000008002c40        0x6 Src/stm32l1xx_it.o
                0x0000000008002c40                HardFault_Handler
 .text.MemManage_Handler
                0x0000000008002c46        0x6 Src/stm32l1xx_it.o
                0x0000000008002c46                MemManage_Handler
 .text.BusFault_Handler
                0x0000000008002c4c        0x6 Src/stm32l1xx_it.o
                0x0000000008002c4c                BusFault_Handler
 .text.UsageFault_Handler
                0x0000000008002c52        0x6 Src/stm32l1xx_it.o
                0x0000000008002c52                UsageFault_Handler
 .text.SVC_Handler
                0x0000000008002c58        0xc Src/stm32l1xx_it.o
                0x0000000008002c58                SVC_Handler
 .text.DebugMon_Handler
                0x0000000008002c64        0xc Src/stm32l1xx_it.o
                0x0000000008002c64                DebugMon_Handler
 .text.PendSV_Handler
                0x0000000008002c70        0xc Src/stm32l1xx_it.o
                0x0000000008002c70                PendSV_Handler
 .text.SysTick_Handler
                0x0000000008002c7c        0xc Src/stm32l1xx_it.o
                0x0000000008002c7c                SysTick_Handler
 .text.SX1272Write
                0x0000000008002c88       0x24 Src/sx1272-Hal.o
                0x0000000008002c88                SX1272Write
 .text.SX1272Read
                0x0000000008002cac       0x20 Src/sx1272-Hal.o
                0x0000000008002cac                SX1272Read
 .text.SX1272WriteBuffer
                0x0000000008002ccc       0x60 Src/sx1272-Hal.o
                0x0000000008002ccc                SX1272WriteBuffer
 .text.SX1272ReadBuffer
                0x0000000008002d2c       0x60 Src/sx1272-Hal.o
                0x0000000008002d2c                SX1272ReadBuffer
 .text.SX1272LoRaInit
                0x0000000008002d8c       0xc0 Src/sx1272-LoRa.o
                0x0000000008002d8c                SX1272LoRaInit
 .text.SX1272LoRaSetDefaults
                0x0000000008002e4c       0x34 Src/sx1272-LoRa.o
                0x0000000008002e4c                SX1272LoRaSetDefaults
 .text.SX1272LoRaSetOpMode
                0x0000000008002e80       0x88 Src/sx1272-LoRa.o
                0x0000000008002e80                SX1272LoRaSetOpMode
 .text.SX1272LoRaSetRFFrequency
                0x0000000008002f08       0x78 Src/sx1272-LoRaMisc.o
                0x0000000008002f08                SX1272LoRaSetRFFrequency
 .text.SX1272LoRaSetRFPower
                0x0000000008002f80      0x12c Src/sx1272-LoRaMisc.o
                0x0000000008002f80                SX1272LoRaSetRFPower
 .text.SX1272LoRaSetSignalBandwidth
                0x00000000080030ac       0x5c Src/sx1272-LoRaMisc.o
                0x00000000080030ac                SX1272LoRaSetSignalBandwidth
 .text.SX1272LoRaSetSpreadingFactor
                0x0000000008003108       0x88 Src/sx1272-LoRaMisc.o
                0x0000000008003108                SX1272LoRaSetSpreadingFactor
 .text.SX1272LoRaSetErrorCoding
                0x0000000008003190       0x5c Src/sx1272-LoRaMisc.o
                0x0000000008003190                SX1272LoRaSetErrorCoding
 .text.SX1272LoRaSetPacketCrcOn
                0x00000000080031ec       0x5c Src/sx1272-LoRaMisc.o
                0x00000000080031ec                SX1272LoRaSetPacketCrcOn
 .text.SX1272LoRaSetImplicitHeaderOn
                0x0000000008003248       0x5c Src/sx1272-LoRaMisc.o
                0x0000000008003248                SX1272LoRaSetImplicitHeaderOn
 .text.SX1272LoRaSetPayloadLength
                0x00000000080032a4       0x3c Src/sx1272-LoRaMisc.o
                0x00000000080032a4                SX1272LoRaSetPayloadLength
 .text.SX1272LoRaSetPa20dBm
                0x00000000080032e0       0x50 Src/sx1272-LoRaMisc.o
                0x00000000080032e0                SX1272LoRaSetPa20dBm
 .text.SX1272LoRaSetSymbTimeout
                0x0000000008003330       0x68 Src/sx1272-LoRaMisc.o
                0x0000000008003330                SX1272LoRaSetSymbTimeout
 .text.SX1272LoRaSetLowDatarateOptimize
                0x0000000008003398       0x50 Src/sx1272-LoRaMisc.o
                0x0000000008003398                SX1272LoRaSetLowDatarateOptimize
 .text.SX1272LoRaSetNbTrigPeaks
                0x00000000080033e8       0x58 Src/sx1272-LoRaMisc.o
                0x00000000080033e8                SX1272LoRaSetNbTrigPeaks
 .text.SystemInit
                0x0000000008003440       0x68 Src/system_stm32l1xx.o
                0x0000000008003440                SystemInit
 .text.Reset_Handler
                0x00000000080034a8       0x48 startup/startup_stm32l152xe.o
                0x00000000080034a8                Reset_Handler
 .text.Default_Handler
                0x00000000080034f0        0x2 startup/startup_stm32l152xe.o
                0x00000000080034f0                DMA2_Channel3_IRQHandler
                0x00000000080034f0                EXTI2_IRQHandler
                0x00000000080034f0                COMP_ACQ_IRQHandler
                0x00000000080034f0                TIM10_IRQHandler
                0x00000000080034f0                USB_HP_IRQHandler
                0x00000000080034f0                TIM6_IRQHandler
                0x00000000080034f0                PVD_IRQHandler
                0x00000000080034f0                EXTI3_IRQHandler
                0x00000000080034f0                EXTI0_IRQHandler
                0x00000000080034f0                I2C2_EV_IRQHandler
                0x00000000080034f0                SPI1_IRQHandler
                0x00000000080034f0                USB_FS_WKUP_IRQHandler
                0x00000000080034f0                DMA2_Channel2_IRQHandler
                0x00000000080034f0                DMA1_Channel4_IRQHandler
                0x00000000080034f0                ADC1_IRQHandler
                0x00000000080034f0                USART3_IRQHandler
                0x00000000080034f0                DMA1_Channel7_IRQHandler
                0x00000000080034f0                LCD_IRQHandler
                0x00000000080034f0                UART5_IRQHandler
                0x00000000080034f0                TIM4_IRQHandler
                0x00000000080034f0                DMA2_Channel1_IRQHandler
                0x00000000080034f0                I2C1_EV_IRQHandler
                0x00000000080034f0                DMA1_Channel6_IRQHandler
                0x00000000080034f0                UART4_IRQHandler
                0x00000000080034f0                DMA2_Channel4_IRQHandler
                0x00000000080034f0                TIM3_IRQHandler
                0x00000000080034f0                RCC_IRQHandler
                0x00000000080034f0                DMA1_Channel1_IRQHandler
                0x00000000080034f0                Default_Handler
                0x00000000080034f0                EXTI15_10_IRQHandler
                0x00000000080034f0                TIM7_IRQHandler
                0x00000000080034f0                TIM5_IRQHandler
                0x00000000080034f0                EXTI9_5_IRQHandler
                0x00000000080034f0                TIM9_IRQHandler
                0x00000000080034f0                TAMPER_STAMP_IRQHandler
                0x00000000080034f0                RTC_WKUP_IRQHandler
                0x00000000080034f0                SPI2_IRQHandler
                0x00000000080034f0                DMA2_Channel5_IRQHandler
                0x00000000080034f0                DMA1_Channel5_IRQHandler
                0x00000000080034f0                USB_LP_IRQHandler
                0x00000000080034f0                EXTI4_IRQHandler
                0x00000000080034f0                DMA1_Channel3_IRQHandler
                0x00000000080034f0                COMP_IRQHandler
                0x00000000080034f0                WWDG_IRQHandler
                0x00000000080034f0                TIM2_IRQHandler
                0x00000000080034f0                DAC_IRQHandler
                0x00000000080034f0                EXTI1_IRQHandler
                0x00000000080034f0                TIM11_IRQHandler
                0x00000000080034f0                USART2_IRQHandler
                0x00000000080034f0                I2C2_ER_IRQHandler
                0x00000000080034f0                DMA1_Channel2_IRQHandler
                0x00000000080034f0                FLASH_IRQHandler
                0x00000000080034f0                USART1_IRQHandler
                0x00000000080034f0                SPI3_IRQHandler
                0x00000000080034f0                I2C1_ER_IRQHandler
                0x00000000080034f0                RTC_Alarm_IRQHandler
 *fill*         0x00000000080034f2        0x2 
 .text.__libc_init_array
                0x00000000080034f4       0x48 /Applications/Ac6/SystemWorkbench.app/Contents/Eclipse/plugins/fr.ac6.mcu.externaltools.arm-none.macos64_1.16.0.201807130628/tools/compiler/bin/../lib/gcc/arm-none-eabi/7.2.1/../../../../arm-none-eabi/lib/thumb/v7-m/libc_nano.a(lib_a-init.o)
                0x00000000080034f4                __libc_init_array
 .text.memset   0x000000000800353c       0x10 /Applications/Ac6/SystemWorkbench.app/Contents/Eclipse/plugins/fr.ac6.mcu.externaltools.arm-none.macos64_1.16.0.201807130628/tools/compiler/bin/../lib/gcc/arm-none-eabi/7.2.1/../../../../arm-none-eabi/lib/thumb/v7-m/libc_nano.a(lib_a-memset.o)
                0x000000000800353c                memset
 *(.glue_7)
 .glue_7        0x000000000800354c        0x0 linker stubs
 *(.glue_7t)
 .glue_7t       0x000000000800354c        0x0 linker stubs
 *(.eh_frame)
 .eh_frame      0x000000000800354c        0x0 /Applications/Ac6/SystemWorkbench.app/Contents/Eclipse/plugins/fr.ac6.mcu.externaltools.arm-none.macos64_1.16.0.201807130628/tools/compiler/bin/../lib/gcc/arm-none-eabi/7.2.1/thumb/v7-m/crtbegin.o
 *(.init)
 .init          0x000000000800354c        0x4 /Applications/Ac6/SystemWorkbench.app/Contents/Eclipse/plugins/fr.ac6.mcu.externaltools.arm-none.macos64_1.16.0.201807130628/tools/compiler/bin/../lib/gcc/arm-none-eabi/7.2.1/thumb/v7-m/crti.o
                0x000000000800354c                _init
 .init          0x0000000008003550        0x8 /Applications/Ac6/SystemWorkbench.app/Contents/Eclipse/plugins/fr.ac6.mcu.externaltools.arm-none.macos64_1.16.0.201807130628/tools/compiler/bin/../lib/gcc/arm-none-eabi/7.2.1/thumb/v7-m/crtn.o
 *(.fini)
 .fini          0x0000000008003558        0x4 /Applications/Ac6/SystemWorkbench.app/Contents/Eclipse/plugins/fr.ac6.mcu.externaltools.arm-none.macos64_1.16.0.201807130628/tools/compiler/bin/../lib/gcc/arm-none-eabi/7.2.1/thumb/v7-m/crti.o
                0x0000000008003558                _fini
 .fini          0x000000000800355c        0x8 /Applications/Ac6/SystemWorkbench.app/Contents/Eclipse/plugins/fr.ac6.mcu.externaltools.arm-none.macos64_1.16.0.201807130628/tools/compiler/bin/../lib/gcc/arm-none-eabi/7.2.1/thumb/v7-m/crtn.o
                0x0000000008003564                . = ALIGN (0x4)
                0x0000000008003564                _etext = .

.vfp11_veneer   0x0000000008003564        0x0
 .vfp11_veneer  0x0000000008003564        0x0 linker stubs

.v4_bx          0x0000000008003564        0x0
 .v4_bx         0x0000000008003564        0x0 linker stubs

.iplt           0x0000000008003564        0x0
 .iplt          0x0000000008003564        0x0 /Applications/Ac6/SystemWorkbench.app/Contents/Eclipse/plugins/fr.ac6.mcu.externaltools.arm-none.macos64_1.16.0.201807130628/tools/compiler/bin/../lib/gcc/arm-none-eabi/7.2.1/thumb/v7-m/crtbegin.o

.rodata         0x0000000008003564       0x24
                0x0000000008003564                . = ALIGN (0x4)
 *(.rodata)
 .rodata        0x0000000008003564       0x24 Src/system_stm32l1xx.o
                0x0000000008003564                PLLMulTable
                0x0000000008003570                AHBPrescTable
                0x0000000008003580                APBPrescTable
 *(.rodata*)
                0x0000000008003588                . = ALIGN (0x4)

.rel.dyn        0x0000000008003588        0x0
 .rel.iplt      0x0000000008003588        0x0 /Applications/Ac6/SystemWorkbench.app/Contents/Eclipse/plugins/fr.ac6.mcu.externaltools.arm-none.macos64_1.16.0.201807130628/tools/compiler/bin/../lib/gcc/arm-none-eabi/7.2.1/thumb/v7-m/crtbegin.o

.ARM.extab
 *(.ARM.extab* .gnu.linkonce.armextab.*)

.ARM            0x0000000008003588        0x0
                0x0000000008003588                __exidx_start = .
 *(.ARM.exidx*)
                0x0000000008003588                __exidx_end = .

.preinit_array  0x0000000008003588        0x0
                0x0000000008003588                PROVIDE (__preinit_array_start, .)
 *(.preinit_array*)
                0x0000000008003588                PROVIDE (__preinit_array_end, .)

.init_array     0x0000000008003588        0x4
                0x0000000008003588                PROVIDE (__init_array_start, .)
 *(SORT_BY_NAME(.init_array.*))
 *(.init_array*)
 .init_array    0x0000000008003588        0x4 /Applications/Ac6/SystemWorkbench.app/Contents/Eclipse/plugins/fr.ac6.mcu.externaltools.arm-none.macos64_1.16.0.201807130628/tools/compiler/bin/../lib/gcc/arm-none-eabi/7.2.1/thumb/v7-m/crtbegin.o
                0x000000000800358c                PROVIDE (__init_array_end, .)

.fini_array     0x000000000800358c        0x4
                [!provide]                        PROVIDE (__fini_array_start, .)
 *(SORT_BY_NAME(.fini_array.*))
 *(.fini_array*)
 .fini_array    0x000000000800358c        0x4 /Applications/Ac6/SystemWorkbench.app/Contents/Eclipse/plugins/fr.ac6.mcu.externaltools.arm-none.macos64_1.16.0.201807130628/tools/compiler/bin/../lib/gcc/arm-none-eabi/7.2.1/thumb/v7-m/crtbegin.o
                [!provide]                        PROVIDE (__fini_array_end, .)
                0x0000000008003590                _sidata = LOADADDR (.data)

.data           0x0000000020000000       0x2c load address 0x0000000008003590
                0x0000000020000000                . = ALIGN (0x4)
                0x0000000020000000                _sdata = .
 *(.data)
 .data          0x0000000020000000        0x8 Drivers/STM32L1xx_HAL_Driver/Src/stm32l1xx_hal.o
                0x0000000020000000                uwTickPrio
                0x0000000020000004                uwTickFreq
 .data          0x0000000020000008       0x1f Src/sx1272-LoRa.o
                0x0000000020000008                LoRaSettings
 *fill*         0x0000000020000027        0x1 
 .data          0x0000000020000028        0x4 Src/system_stm32l1xx.o
                0x0000000020000028                SystemCoreClock
 *(.data*)
                0x000000002000002c                . = ALIGN (0x4)
                0x000000002000002c                _edata = .

.igot.plt       0x000000002000002c        0x0 load address 0x00000000080035bc
 .igot.plt      0x000000002000002c        0x0 /Applications/Ac6/SystemWorkbench.app/Contents/Eclipse/plugins/fr.ac6.mcu.externaltools.arm-none.macos64_1.16.0.201807130628/tools/compiler/bin/../lib/gcc/arm-none-eabi/7.2.1/thumb/v7-m/crtbegin.o
                0x000000002000002c                . = ALIGN (0x4)

.bss            0x0000000020000030      0x24c load address 0x00000000080035bc
                0x0000000020000030                _sbss = .
                0x0000000020000030                __bss_start__ = _sbss
 *(.bss)
 .bss           0x0000000020000030       0x1c /Applications/Ac6/SystemWorkbench.app/Contents/Eclipse/plugins/fr.ac6.mcu.externaltools.arm-none.macos64_1.16.0.201807130628/tools/compiler/bin/../lib/gcc/arm-none-eabi/7.2.1/thumb/v7-m/crtbegin.o
 *fill*         0x000000002000004c        0x4 
 .bss           0x0000000020000050      0x11a Src/sx1272-LoRa.o
 *(.bss*)
 *(COMMON)
 *fill*         0x000000002000016a        0x2 
 COMMON         0x000000002000016c        0x4 Drivers/STM32L1xx_HAL_Driver/Src/stm32l1xx_hal.o
                0x000000002000016c                uwTick
 COMMON         0x0000000020000170       0x98 Src/main.o
                0x0000000020000170                hspi1
                0x00000000200001c8                huart2
 COMMON         0x0000000020000208        0x4 Src/sx1272-LoRa.o
                0x0000000020000208                SX1272LR
 COMMON         0x000000002000020c       0x70 Src/sx1272.o
                0x000000002000020c                SX1272Regs
                0x000000002000027c                . = ALIGN (0x4)
                0x000000002000027c                _ebss = .
                0x000000002000027c                __bss_end__ = _ebss

._user_heap_stack
                0x000000002000027c      0x604 load address 0x00000000080035bc
                0x0000000020000280                . = ALIGN (0x8)
 *fill*         0x000000002000027c        0x4 
                0x0000000020000280                PROVIDE (end, .)
                [!provide]                        PROVIDE (_end, .)
                0x0000000020000480                . = (. + _Min_Heap_Size)
 *fill*         0x0000000020000280      0x200 
                0x0000000020000880                . = (. + _Min_Stack_Size)
 *fill*         0x0000000020000480      0x400 
                0x0000000020000880                . = ALIGN (0x8)

/DISCARD/
 libc.a(*)
 libm.a(*)
 libgcc.a(*)

.ARM.attributes
                0x0000000000000000       0x29
 *(.ARM.attributes)
 .ARM.attributes
                0x0000000000000000       0x1d /Applications/Ac6/SystemWorkbench.app/Contents/Eclipse/plugins/fr.ac6.mcu.externaltools.arm-none.macos64_1.16.0.201807130628/tools/compiler/bin/../lib/gcc/arm-none-eabi/7.2.1/thumb/v7-m/crti.o
 .ARM.attributes
                0x000000000000001d       0x2d /Applications/Ac6/SystemWorkbench.app/Contents/Eclipse/plugins/fr.ac6.mcu.externaltools.arm-none.macos64_1.16.0.201807130628/tools/compiler/bin/../lib/gcc/arm-none-eabi/7.2.1/thumb/v7-m/crtbegin.o
 .ARM.attributes
                0x000000000000004a       0x33 Drivers/STM32L1xx_HAL_Driver/Src/stm32l1xx_hal.o
 .ARM.attributes
                0x000000000000007d       0x33 Drivers/STM32L1xx_HAL_Driver/Src/stm32l1xx_hal_cortex.o
 .ARM.attributes
                0x00000000000000b0       0x33 Drivers/STM32L1xx_HAL_Driver/Src/stm32l1xx_hal_gpio.o
 .ARM.attributes
                0x00000000000000e3       0x33 Drivers/STM32L1xx_HAL_Driver/Src/stm32l1xx_hal_rcc.o
 .ARM.attributes
                0x0000000000000116       0x33 Drivers/STM32L1xx_HAL_Driver/Src/stm32l1xx_hal_spi.o
 .ARM.attributes
                0x0000000000000149       0x33 Drivers/STM32L1xx_HAL_Driver/Src/stm32l1xx_hal_uart.o
 .ARM.attributes
                0x000000000000017c       0x33 Src/main.o
 .ARM.attributes
                0x00000000000001af       0x33 Src/stm32l1xx_hal_msp.o
 .ARM.attributes
                0x00000000000001e2       0x33 Src/stm32l1xx_it.o
 .ARM.attributes
                0x0000000000000215       0x33 Src/sx1272-Hal.o
 .ARM.attributes
                0x0000000000000248       0x33 Src/sx1272-LoRa.o
 .ARM.attributes
                0x000000000000027b       0x33 Src/sx1272-LoRaMisc.o
 .ARM.attributes
                0x00000000000002ae       0x33 Src/sx1272.o
 .ARM.attributes
                0x00000000000002e1       0x33 Src/system_stm32l1xx.o
 .ARM.attributes
                0x0000000000000314       0x21 startup/startup_stm32l152xe.o
 .ARM.attributes
                0x0000000000000335       0x1d /Applications/Ac6/SystemWorkbench.app/Contents/Eclipse/plugins/fr.ac6.mcu.externaltools.arm-none.macos64_1.16.0.201807130628/tools/compiler/bin/../lib/gcc/arm-none-eabi/7.2.1/thumb/v7-m/libgcc.a(_arm_addsubdf3.o)
 .ARM.attributes
                0x0000000000000352       0x1d /Applications/Ac6/SystemWorkbench.app/Contents/Eclipse/plugins/fr.ac6.mcu.externaltools.arm-none.macos64_1.16.0.201807130628/tools/compiler/bin/../lib/gcc/arm-none-eabi/7.2.1/thumb/v7-m/libgcc.a(_arm_muldivdf3.o)
 .ARM.attributes
                0x000000000000036f       0x1d /Applications/Ac6/SystemWorkbench.app/Contents/Eclipse/plugins/fr.ac6.mcu.externaltools.arm-none.macos64_1.16.0.201807130628/tools/compiler/bin/../lib/gcc/arm-none-eabi/7.2.1/thumb/v7-m/libgcc.a(_arm_fixunsdfsi.o)
 .ARM.attributes
                0x000000000000038c       0x2d /Applications/Ac6/SystemWorkbench.app/Contents/Eclipse/plugins/fr.ac6.mcu.externaltools.arm-none.macos64_1.16.0.201807130628/tools/compiler/bin/../lib/gcc/arm-none-eabi/7.2.1/../../../../arm-none-eabi/lib/thumb/v7-m/libc_nano.a(lib_a-init.o)
 .ARM.attributes
                0x00000000000003b9       0x2d /Applications/Ac6/SystemWorkbench.app/Contents/Eclipse/plugins/fr.ac6.mcu.externaltools.arm-none.macos64_1.16.0.201807130628/tools/compiler/bin/../lib/gcc/arm-none-eabi/7.2.1/../../../../arm-none-eabi/lib/thumb/v7-m/libc_nano.a(lib_a-memset.o)
 .ARM.attributes
                0x00000000000003e6       0x1d /Applications/Ac6/SystemWorkbench.app/Contents/Eclipse/plugins/fr.ac6.mcu.externaltools.arm-none.macos64_1.16.0.201807130628/tools/compiler/bin/../lib/gcc/arm-none-eabi/7.2.1/thumb/v7-m/crtn.o
OUTPUT(SX1272.elf elf32-littlearm)

.debug_info     0x0000000000000000     0xa509
 .debug_info    0x0000000000000000      0x71c Drivers/STM32L1xx_HAL_Driver/Src/stm32l1xx_hal.o
 .debug_info    0x000000000000071c      0xd84 Drivers/STM32L1xx_HAL_Driver/Src/stm32l1xx_hal_cortex.o
 .debug_info    0x00000000000014a0      0x69d Drivers/STM32L1xx_HAL_Driver/Src/stm32l1xx_hal_gpio.o
 .debug_info    0x0000000000001b3d      0x939 Drivers/STM32L1xx_HAL_Driver/Src/stm32l1xx_hal_rcc.o
 .debug_info    0x0000000000002476     0x15d9 Drivers/STM32L1xx_HAL_Driver/Src/stm32l1xx_hal_spi.o
 .debug_info    0x0000000000003a4f     0x11e4 Drivers/STM32L1xx_HAL_Driver/Src/stm32l1xx_hal_uart.o
 .debug_info    0x0000000000004c33     0x10b1 Src/main.o
 .debug_info    0x0000000000005ce4      0xb31 Src/stm32l1xx_hal_msp.o
 .debug_info    0x0000000000006815      0x695 Src/stm32l1xx_it.o
 .debug_info    0x0000000000006eaa      0x916 Src/sx1272-Hal.o
 .debug_info    0x00000000000077c0     0x11f7 Src/sx1272-LoRa.o
 .debug_info    0x00000000000089b7      0xa56 Src/sx1272-LoRaMisc.o
 .debug_info    0x000000000000940d      0xc67 Src/sx1272.o
 .debug_info    0x000000000000a074      0x473 Src/system_stm32l1xx.o
 .debug_info    0x000000000000a4e7       0x22 startup/startup_stm32l152xe.o

.debug_abbrev   0x0000000000000000     0x1c04
 .debug_abbrev  0x0000000000000000      0x21b Drivers/STM32L1xx_HAL_Driver/Src/stm32l1xx_hal.o
 .debug_abbrev  0x000000000000021b      0x2fa Drivers/STM32L1xx_HAL_Driver/Src/stm32l1xx_hal_cortex.o
 .debug_abbrev  0x0000000000000515      0x1c9 Drivers/STM32L1xx_HAL_Driver/Src/stm32l1xx_hal_gpio.o
 .debug_abbrev  0x00000000000006de      0x254 Drivers/STM32L1xx_HAL_Driver/Src/stm32l1xx_hal_rcc.o
 .debug_abbrev  0x0000000000000932      0x240 Drivers/STM32L1xx_HAL_Driver/Src/stm32l1xx_hal_spi.o
 .debug_abbrev  0x0000000000000b72      0x242 Drivers/STM32L1xx_HAL_Driver/Src/stm32l1xx_hal_uart.o
 .debug_abbrev  0x0000000000000db4      0x1e5 Src/main.o
 .debug_abbrev  0x0000000000000f99      0x19d Src/stm32l1xx_hal_msp.o
 .debug_abbrev  0x0000000000001136      0x169 Src/stm32l1xx_it.o
 .debug_abbrev  0x000000000000129f      0x1b0 Src/sx1272-Hal.o
 .debug_abbrev  0x000000000000144f      0x30b Src/sx1272-LoRa.o
 .debug_abbrev  0x000000000000175a      0x1d5 Src/sx1272-LoRaMisc.o
 .debug_abbrev  0x000000000000192f      0x1b2 Src/sx1272.o
 .debug_abbrev  0x0000000000001ae1      0x111 Src/system_stm32l1xx.o
 .debug_abbrev  0x0000000000001bf2       0x12 startup/startup_stm32l152xe.o

.debug_aranges  0x0000000000000000      0xad0
 .debug_aranges
                0x0000000000000000       0xe0 Drivers/STM32L1xx_HAL_Driver/Src/stm32l1xx_hal.o
 .debug_aranges
                0x00000000000000e0      0x118 Drivers/STM32L1xx_HAL_Driver/Src/stm32l1xx_hal_cortex.o
 .debug_aranges
                0x00000000000001f8       0x58 Drivers/STM32L1xx_HAL_Driver/Src/stm32l1xx_hal_gpio.o
 .debug_aranges
                0x0000000000000250       0x90 Drivers/STM32L1xx_HAL_Driver/Src/stm32l1xx_hal_rcc.o
 .debug_aranges
                0x00000000000002e0      0x1d0 Drivers/STM32L1xx_HAL_Driver/Src/stm32l1xx_hal_spi.o
 .debug_aranges
                0x00000000000004b0      0x1d0 Drivers/STM32L1xx_HAL_Driver/Src/stm32l1xx_hal_uart.o
 .debug_aranges
                0x0000000000000680       0x48 Src/main.o
 .debug_aranges
                0x00000000000006c8       0x40 Src/stm32l1xx_hal_msp.o
 .debug_aranges
                0x0000000000000708       0x60 Src/stm32l1xx_it.o
 .debug_aranges
                0x0000000000000768       0x88 Src/sx1272-Hal.o
 .debug_aranges
                0x00000000000007f0       0x98 Src/sx1272-LoRa.o
 .debug_aranges
                0x0000000000000888      0x158 Src/sx1272-LoRaMisc.o
 .debug_aranges
                0x00000000000009e0       0xa0 Src/sx1272.o
 .debug_aranges
                0x0000000000000a80       0x28 Src/system_stm32l1xx.o
 .debug_aranges
                0x0000000000000aa8       0x28 startup/startup_stm32l152xe.o

.debug_ranges   0x0000000000000000      0x9e8
 .debug_ranges  0x0000000000000000       0xd0 Drivers/STM32L1xx_HAL_Driver/Src/stm32l1xx_hal.o
 .debug_ranges  0x00000000000000d0      0x108 Drivers/STM32L1xx_HAL_Driver/Src/stm32l1xx_hal_cortex.o
 .debug_ranges  0x00000000000001d8       0x48 Drivers/STM32L1xx_HAL_Driver/Src/stm32l1xx_hal_gpio.o
 .debug_ranges  0x0000000000000220       0x80 Drivers/STM32L1xx_HAL_Driver/Src/stm32l1xx_hal_rcc.o
 .debug_ranges  0x00000000000002a0      0x1c0 Drivers/STM32L1xx_HAL_Driver/Src/stm32l1xx_hal_spi.o
 .debug_ranges  0x0000000000000460      0x1c0 Drivers/STM32L1xx_HAL_Driver/Src/stm32l1xx_hal_uart.o
 .debug_ranges  0x0000000000000620       0x38 Src/main.o
 .debug_ranges  0x0000000000000658       0x30 Src/stm32l1xx_hal_msp.o
 .debug_ranges  0x0000000000000688       0x50 Src/stm32l1xx_it.o
 .debug_ranges  0x00000000000006d8       0x78 Src/sx1272-Hal.o
 .debug_ranges  0x0000000000000750       0x88 Src/sx1272-LoRa.o
 .debug_ranges  0x00000000000007d8      0x148 Src/sx1272-LoRaMisc.o
 .debug_ranges  0x0000000000000920       0x90 Src/sx1272.o
 .debug_ranges  0x00000000000009b0       0x18 Src/system_stm32l1xx.o
 .debug_ranges  0x00000000000009c8       0x20 startup/startup_stm32l152xe.o

.debug_macro    0x0000000000000000    0x15ea9
 .debug_macro   0x0000000000000000      0x1bf Drivers/STM32L1xx_HAL_Driver/Src/stm32l1xx_hal.o
 .debug_macro   0x00000000000001bf      0xa60 Drivers/STM32L1xx_HAL_Driver/Src/stm32l1xx_hal.o
 .debug_macro   0x0000000000000c1f      0x10c Drivers/STM32L1xx_HAL_Driver/Src/stm32l1xx_hal.o
 .debug_macro   0x0000000000000d2b       0x2e Drivers/STM32L1xx_HAL_Driver/Src/stm32l1xx_hal.o
 .debug_macro   0x0000000000000d59       0x22 Drivers/STM32L1xx_HAL_Driver/Src/stm32l1xx_hal.o
 .debug_macro   0x0000000000000d7b       0x22 Drivers/STM32L1xx_HAL_Driver/Src/stm32l1xx_hal.o
 .debug_macro   0x0000000000000d9d       0x87 Drivers/STM32L1xx_HAL_Driver/Src/stm32l1xx_hal.o
 .debug_macro   0x0000000000000e24       0x51 Drivers/STM32L1xx_HAL_Driver/Src/stm32l1xx_hal.o
 .debug_macro   0x0000000000000e75       0xef Drivers/STM32L1xx_HAL_Driver/Src/stm32l1xx_hal.o
 .debug_macro   0x0000000000000f64       0x6a Drivers/STM32L1xx_HAL_Driver/Src/stm32l1xx_hal.o
 .debug_macro   0x0000000000000fce      0x1df Drivers/STM32L1xx_HAL_Driver/Src/stm32l1xx_hal.o
 .debug_macro   0x00000000000011ad       0x1c Drivers/STM32L1xx_HAL_Driver/Src/stm32l1xx_hal.o
 .debug_macro   0x00000000000011c9       0x22 Drivers/STM32L1xx_HAL_Driver/Src/stm32l1xx_hal.o
 .debug_macro   0x00000000000011eb       0xc3 Drivers/STM32L1xx_HAL_Driver/Src/stm32l1xx_hal.o
 .debug_macro   0x00000000000012ae      0xe49 Drivers/STM32L1xx_HAL_Driver/Src/stm32l1xx_hal.o
 .debug_macro   0x00000000000020f7      0x11f Drivers/STM32L1xx_HAL_Driver/Src/stm32l1xx_hal.o
 .debug_macro   0x0000000000002216     0xbec4 Drivers/STM32L1xx_HAL_Driver/Src/stm32l1xx_hal.o
 .debug_macro   0x000000000000e0da       0x43 Drivers/STM32L1xx_HAL_Driver/Src/stm32l1xx_hal.o
 .debug_macro   0x000000000000e11d     0x3468 Drivers/STM32L1xx_HAL_Driver/Src/stm32l1xx_hal.o
 .debug_macro   0x0000000000011585      0x174 Drivers/STM32L1xx_HAL_Driver/Src/stm32l1xx_hal.o
 .debug_macro   0x00000000000116f9       0x4f Drivers/STM32L1xx_HAL_Driver/Src/stm32l1xx_hal.o
 .debug_macro   0x0000000000011748      0xe38 Drivers/STM32L1xx_HAL_Driver/Src/stm32l1xx_hal.o
 .debug_macro   0x0000000000012580      0x35b Drivers/STM32L1xx_HAL_Driver/Src/stm32l1xx_hal.o
 .debug_macro   0x00000000000128db      0x13b Drivers/STM32L1xx_HAL_Driver/Src/stm32l1xx_hal.o
 .debug_macro   0x0000000000012a16       0xc5 Drivers/STM32L1xx_HAL_Driver/Src/stm32l1xx_hal.o
 .debug_macro   0x0000000000012adb      0x21e Drivers/STM32L1xx_HAL_Driver/Src/stm32l1xx_hal.o
 .debug_macro   0x0000000000012cf9      0x236 Drivers/STM32L1xx_HAL_Driver/Src/stm32l1xx_hal.o
 .debug_macro   0x0000000000012f2f      0x10e Drivers/STM32L1xx_HAL_Driver/Src/stm32l1xx_hal.o
 .debug_macro   0x000000000001303d      0x567 Drivers/STM32L1xx_HAL_Driver/Src/stm32l1xx_hal.o
 .debug_macro   0x00000000000135a4      0x1e9 Drivers/STM32L1xx_HAL_Driver/Src/stm32l1xx_hal.o
 .debug_macro   0x000000000001378d       0x22 Drivers/STM32L1xx_HAL_Driver/Src/stm32l1xx_hal.o
 .debug_macro   0x00000000000137af      0x225 Drivers/STM32L1xx_HAL_Driver/Src/stm32l1xx_hal.o
 .debug_macro   0x00000000000139d4      0x287 Drivers/STM32L1xx_HAL_Driver/Src/stm32l1xx_hal.o
 .debug_macro   0x0000000000013c5b      0x492 Drivers/STM32L1xx_HAL_Driver/Src/stm32l1xx_hal.o
 .debug_macro   0x00000000000140ed      0x19b Drivers/STM32L1xx_HAL_Driver/Src/stm32l1xx_hal_cortex.o
 .debug_macro   0x0000000000014288      0x1d3 Drivers/STM32L1xx_HAL_Driver/Src/stm32l1xx_hal_gpio.o
 .debug_macro   0x000000000001445b      0x1ad Drivers/STM32L1xx_HAL_Driver/Src/stm32l1xx_hal_rcc.o
 .debug_macro   0x0000000000014608      0x1a3 Drivers/STM32L1xx_HAL_Driver/Src/stm32l1xx_hal_spi.o
 .debug_macro   0x00000000000147ab      0x19c Drivers/STM32L1xx_HAL_Driver/Src/stm32l1xx_hal_uart.o
 .debug_macro   0x0000000000014947      0x1bc Src/main.o
 .debug_macro   0x0000000000014b03       0x7c Src/main.o
 .debug_macro   0x0000000000014b7f       0x22 Src/main.o
 .debug_macro   0x0000000000014ba1      0x9d7 Src/main.o
 .debug_macro   0x0000000000015578      0x1aa Src/stm32l1xx_hal_msp.o
 .debug_macro   0x0000000000015722      0x1b4 Src/stm32l1xx_it.o
 .debug_macro   0x00000000000158d6      0x1bc Src/sx1272-Hal.o
 .debug_macro   0x0000000000015a92      0x150 Src/sx1272-LoRa.o
 .debug_macro   0x0000000000015be2       0x92 Src/sx1272-LoRaMisc.o
 .debug_macro   0x0000000000015c74       0x94 Src/sx1272.o
 .debug_macro   0x0000000000015d08      0x1a1 Src/system_stm32l1xx.o

.debug_line     0x0000000000000000     0x82b0
 .debug_line    0x0000000000000000      0x926 Drivers/STM32L1xx_HAL_Driver/Src/stm32l1xx_hal.o
 .debug_line    0x0000000000000926      0xa71 Drivers/STM32L1xx_HAL_Driver/Src/stm32l1xx_hal_cortex.o
 .debug_line    0x0000000000001397      0x904 Drivers/STM32L1xx_HAL_Driver/Src/stm32l1xx_hal_gpio.o
 .debug_line    0x0000000000001c9b      0xa4f Drivers/STM32L1xx_HAL_Driver/Src/stm32l1xx_hal_rcc.o
 .debug_line    0x00000000000026ea     0x10ff Drivers/STM32L1xx_HAL_Driver/Src/stm32l1xx_hal_spi.o
 .debug_line    0x00000000000037e9     0x103e Drivers/STM32L1xx_HAL_Driver/Src/stm32l1xx_hal_uart.o
 .debug_line    0x0000000000004827      0x7fa Src/main.o
 .debug_line    0x0000000000005021      0x7a4 Src/stm32l1xx_hal_msp.o
 .debug_line    0x00000000000057c5      0x7e9 Src/stm32l1xx_it.o
 .debug_line    0x0000000000005fae      0x84b Src/sx1272-Hal.o
 .debug_line    0x00000000000067f9      0x673 Src/sx1272-LoRa.o
 .debug_line    0x0000000000006e6c      0x709 Src/sx1272-LoRaMisc.o
 .debug_line    0x0000000000007575      0x552 Src/sx1272.o
 .debug_line    0x0000000000007ac7      0x76c Src/system_stm32l1xx.o
 .debug_line    0x0000000000008233       0x7d startup/startup_stm32l152xe.o

.debug_str      0x0000000000000000    0x90331
 .debug_str     0x0000000000000000    0x82915 Drivers/STM32L1xx_HAL_Driver/Src/stm32l1xx_hal.o
                                      0x82c6b (size before relaxing)
 .debug_str     0x0000000000082915      0x41f Drivers/STM32L1xx_HAL_Driver/Src/stm32l1xx_hal_cortex.o
                                      0x82daa (size before relaxing)
 .debug_str     0x0000000000082d34      0x29a Drivers/STM32L1xx_HAL_Driver/Src/stm32l1xx_hal_gpio.o
                                      0x8281d (size before relaxing)
 .debug_str     0x0000000000082fce      0x3db Drivers/STM32L1xx_HAL_Driver/Src/stm32l1xx_hal_rcc.o
                                      0x829fb (size before relaxing)
 .debug_str     0x00000000000833a9      0x8cb Drivers/STM32L1xx_HAL_Driver/Src/stm32l1xx_hal_spi.o
                                      0x82e52 (size before relaxing)
 .debug_str     0x0000000000083c74      0x682 Drivers/STM32L1xx_HAL_Driver/Src/stm32l1xx_hal_uart.o
                                      0x82e42 (size before relaxing)
 .debug_str     0x00000000000842f6     0x2e39 Src/main.o
                                      0x85a76 (size before relaxing)
 .debug_str     0x000000000008712f       0x1b Src/stm32l1xx_hal_msp.o
                                      0x82d0b (size before relaxing)
 .debug_str     0x000000000008714a       0xb8 Src/stm32l1xx_it.o
                                      0x82b19 (size before relaxing)
 .debug_str     0x0000000000087202      0x1dc Src/sx1272-Hal.o
                                      0x82ce9 (size before relaxing)
 .debug_str     0x00000000000873de     0x3086 Src/sx1272-LoRa.o
                                       0x9de2 (size before relaxing)
 .debug_str     0x000000000008a464      0x43f Src/sx1272-LoRaMisc.o
                                       0x6e06 (size before relaxing)
 .debug_str     0x000000000008a8a3     0x59ec Src/sx1272.o
                                       0xc434 (size before relaxing)
 .debug_str     0x000000000009028f       0x72 Src/system_stm32l1xx.o
                                      0x825f4 (size before relaxing)
 .debug_str     0x0000000000090301       0x30 startup/startup_stm32l152xe.o
                                         0x6f (size before relaxing)

.comment        0x0000000000000000       0x7e
 .comment       0x0000000000000000       0x7e Drivers/STM32L1xx_HAL_Driver/Src/stm32l1xx_hal.o
                                         0x7f (size before relaxing)
 .comment       0x000000000000007e       0x7f Drivers/STM32L1xx_HAL_Driver/Src/stm32l1xx_hal_cortex.o
 .comment       0x000000000000007e       0x7f Drivers/STM32L1xx_HAL_Driver/Src/stm32l1xx_hal_gpio.o
 .comment       0x000000000000007e       0x7f Drivers/STM32L1xx_HAL_Driver/Src/stm32l1xx_hal_rcc.o
 .comment       0x000000000000007e       0x7f Drivers/STM32L1xx_HAL_Driver/Src/stm32l1xx_hal_spi.o
 .comment       0x000000000000007e       0x7f Drivers/STM32L1xx_HAL_Driver/Src/stm32l1xx_hal_uart.o
 .comment       0x000000000000007e       0x7f Src/main.o
 .comment       0x000000000000007e       0x7f Src/stm32l1xx_hal_msp.o
 .comment       0x000000000000007e       0x7f Src/stm32l1xx_it.o
 .comment       0x000000000000007e       0x7f Src/sx1272-Hal.o
 .comment       0x000000000000007e       0x7f Src/sx1272-LoRa.o
 .comment       0x000000000000007e       0x7f Src/sx1272-LoRaMisc.o
 .comment       0x000000000000007e       0x7f Src/sx1272.o
 .comment       0x000000000000007e       0x7f Src/system_stm32l1xx.o

.debug_frame    0x0000000000000000     0x2b6c
 .debug_frame   0x0000000000000000      0x33c Drivers/STM32L1xx_HAL_Driver/Src/stm32l1xx_hal.o
 .debug_frame   0x000000000000033c      0x498 Drivers/STM32L1xx_HAL_Driver/Src/stm32l1xx_hal_cortex.o
 .debug_frame   0x00000000000007d4      0x14c Drivers/STM32L1xx_HAL_Driver/Src/stm32l1xx_hal_gpio.o
 .debug_frame   0x0000000000000920      0x21c Drivers/STM32L1xx_HAL_Driver/Src/stm32l1xx_hal_rcc.o
 .debug_frame   0x0000000000000b3c      0x824 Drivers/STM32L1xx_HAL_Driver/Src/stm32l1xx_hal_spi.o
 .debug_frame   0x0000000000001360      0x838 Drivers/STM32L1xx_HAL_Driver/Src/stm32l1xx_hal_uart.o
 .debug_frame   0x0000000000001b98       0xcc Src/main.o
 .debug_frame   0x0000000000001c64       0xc8 Src/stm32l1xx_hal_msp.o
 .debug_frame   0x0000000000001d2c      0x10c Src/stm32l1xx_it.o
 .debug_frame   0x0000000000001e38      0x1ec Src/sx1272-Hal.o
 .debug_frame   0x0000000000002024      0x224 Src/sx1272-LoRa.o
 .debug_frame   0x0000000000002248      0x538 Src/sx1272-LoRaMisc.o
 .debug_frame   0x0000000000002780      0x228 Src/sx1272.o
 .debug_frame   0x00000000000029a8       0x58 Src/system_stm32l1xx.o
 .debug_frame   0x0000000000002a00       0xac /Applications/Ac6/SystemWorkbench.app/Contents/Eclipse/plugins/fr.ac6.mcu.externaltools.arm-none.macos64_1.16.0.201807130628/tools/compiler/bin/../lib/gcc/arm-none-eabi/7.2.1/thumb/v7-m/libgcc.a(_arm_addsubdf3.o)
 .debug_frame   0x0000000000002aac       0x50 /Applications/Ac6/SystemWorkbench.app/Contents/Eclipse/plugins/fr.ac6.mcu.externaltools.arm-none.macos64_1.16.0.201807130628/tools/compiler/bin/../lib/gcc/arm-none-eabi/7.2.1/thumb/v7-m/libgcc.a(_arm_muldivdf3.o)
 .debug_frame   0x0000000000002afc       0x24 /Applications/Ac6/SystemWorkbench.app/Contents/Eclipse/plugins/fr.ac6.mcu.externaltools.arm-none.macos64_1.16.0.201807130628/tools/compiler/bin/../lib/gcc/arm-none-eabi/7.2.1/thumb/v7-m/libgcc.a(_arm_fixunsdfsi.o)
 .debug_frame   0x0000000000002b20       0x2c /Applications/Ac6/SystemWorkbench.app/Contents/Eclipse/plugins/fr.ac6.mcu.externaltools.arm-none.macos64_1.16.0.201807130628/tools/compiler/bin/../lib/gcc/arm-none-eabi/7.2.1/../../../../arm-none-eabi/lib/thumb/v7-m/libc_nano.a(lib_a-init.o)
 .debug_frame   0x0000000000002b4c       0x20 /Applications/Ac6/SystemWorkbench.app/Contents/Eclipse/plugins/fr.ac6.mcu.externaltools.arm-none.macos64_1.16.0.201807130628/tools/compiler/bin/../lib/gcc/arm-none-eabi/7.2.1/../../../../arm-none-eabi/lib/thumb/v7-m/libc_nano.a(lib_a-memset.o)
